exports[`test quantity -> should match snapshot 1`] = `
ShallowWrapper {
  "complexSelector": ComplexSelector {
    "buildPredicate": [Function],
    "childrenOfNode": [Function],
    "findWhereUnwrapped": [Function],
  },
  "length": 1,
  "node": <styled.section>
    <styled.header>
        quanitity:
    </styled.header>
    <styled.div>
        <Styled(Icon)
            glyph="remove_circle"
            onClick={[Function]} />
        <styled.span>
            1
        </styled.span>
        <Styled(Icon)
            glyph="add_circle"
            onClick={[Function]} />
    </styled.div>
    <styled.div />
</styled.section>,
  "nodes": Array [
    <styled.section>
      <styled.header>
            quanitity:
      </styled.header>
      <styled.div>
            <Styled(Icon)
                  glyph="remove_circle"
                  onClick={[Function]} />
            <styled.span>
                  1
            </styled.span>
            <Styled(Icon)
                  glyph="add_circle"
                  onClick={[Function]} />
      </styled.div>
      <styled.div />
</styled.section>,
  ],
  "options": Object {},
  "renderer": ReactShallowRenderer {
    "_instance": ShallowComponentWrapper {
      "_calledComponentWillUnmount": false,
      "_compositeType": 0,
      "_context": Object {},
      "_currentElement": <Quantity />,
      "_debugID": 1,
      "_hostContainerInfo": null,
      "_hostParent": null,
      "_instance": Quantity {
        "_reactInternalInstance": [Circular],
        "context": Object {},
        "props": Object {},
        "refs": Object {},
        "state": Object {
          "value": 1,
        },
        "updater": Object {
          "enqueueCallback": [Function],
          "enqueueCallbackInternal": [Function],
          "enqueueElementInternal": [Function],
          "enqueueForceUpdate": [Function],
          "enqueueReplaceState": [Function],
          "enqueueSetState": [Function],
          "isMounted": [Function],
          "validateCallback": [Function],
        },
      },
      "_mountOrder": 1,
      "_pendingCallbacks": null,
      "_pendingElement": null,
      "_pendingForceUpdate": false,
      "_pendingReplaceState": false,
      "_pendingStateQueue": null,
      "_renderedComponent": NoopInternalComponent {
        "_currentElement": <styled.section>
          <styled.header>
                    quanitity:
          </styled.header>
          <styled.div>
                    <Styled(Icon)
                              glyph="remove_circle"
                              onClick={[Function]} />
                    <styled.span>
                              1
                    </styled.span>
                    <Styled(Icon)
                              glyph="add_circle"
                              onClick={[Function]} />
          </styled.div>
          <styled.div />
</styled.section>,
        "_debugID": 2,
        "_renderedOutput": <styled.section>
          <styled.header>
                    quanitity:
          </styled.header>
          <styled.div>
                    <Styled(Icon)
                              glyph="remove_circle"
                              onClick={[Function]} />
                    <styled.span>
                              1
                    </styled.span>
                    <Styled(Icon)
                              glyph="add_circle"
                              onClick={[Function]} />
          </styled.div>
          <styled.div />
</styled.section>,
      },
      "_renderedNodeType": 1,
      "_rootNodeID": 0,
      "_topLevelWrapper": null,
      "_updateBatchNumber": null,
      "_warnedAboutRefsInRender": false,
    },
    "getRenderOutput": [Function],
    "render": [Function],
  },
  "root": [Circular],
  "unrendered": <Quantity />,
}
`;
